.xx "" """quotes"", for" "roff" ""
.xx "" "{brackets} for" "tex" ""
