bar:baz:qux:quux
two:three:four:five:six:seven
beta:gamma:delta:epsilon:zeta:eta:theta:iota:kappa:lambda:mu
the quick brown fox jumps over the lazy dog
