quux
five:six:seven
epsilon:zeta:eta:theta:iota:kappa:lambda:mu
the quick brown fox jumps over the lazy dog
