foo:bar:baz:qux:quux
one:two:three:four:five:six:seven
alpha:beta:gamma:delta:epsilon:zeta:eta:theta:iota:kappa:lambda:mu
brown
