foo:baz
one:three
alpha:gamma
the quick brown fox jumps over the lazy dog
