8109 1 lorem_ipsum.txt
1814 1 alice_in_wonderland.txt
